<html>
<body>
<pre>
<h1>µVision Build Log</h1>
<h2>Project:</h2>
C:\Users\Rejmi\Documents\STUDIA\S4\ppo\mtmppo\c++\Project\cpp.uvproj
Project File Date:  03/21/2020

<h2>Output:</h2>
Rebuild target 'Target 1'
assembling Startup.s...
compiling led.cpp...
compiling main.cpp...
linking...
Program Size: Code=1160 RO-data=32 RW-data=4 ZI-data=1260  
FromELF: creating hex file...
".\cpp.axf" - 0 Errors, 0 Warning(s).
Build target 'Target 1'
compiling led.cpp...
compiling main.cpp...
linking...
Program Size: Code=1160 RO-data=32 RW-data=4 ZI-data=1260  
FromELF: creating hex file...
".\cpp.axf" - 0 Errors, 0 Warning(s).
Build target 'Target 1'
compiling main.cpp...
linking...
Program Size: Code=1160 RO-data=32 RW-data=4 ZI-data=1260  
FromELF: creating hex file...
".\cpp.axf" - 0 Errors, 0 Warning(s).
Build target 'Target 1'
compiling main.cpp...
linking...
Program Size: Code=1160 RO-data=32 RW-data=4 ZI-data=1260  
FromELF: creating hex file...
".\cpp.axf" - 0 Errors, 0 Warning(s).
Build target 'Target 1'
compiling main.cpp...
linking...
Program Size: Code=1160 RO-data=32 RW-data=4 ZI-data=1260  
FromELF: creating hex file...
".\cpp.axf" - 0 Errors, 0 Warning(s).
Rebuild target 'Target 1'
assembling Startup.s...
compiling led.cpp...
compiling main.cpp...
linking...
Program Size: Code=1160 RO-data=32 RW-data=4 ZI-data=1260  
FromELF: creating hex file...
".\cpp.axf" - 0 Errors, 0 Warning(s).
Build target 'Target 1'
compiling main.cpp...
linking...
Program Size: Code=1160 RO-data=32 RW-data=4 ZI-data=1260  
FromELF: creating hex file...
".\cpp.axf" - 0 Errors, 0 Warning(s).
Build target 'Target 1'
compiling main.cpp...
linking...
Program Size: Code=1160 RO-data=32 RW-data=4 ZI-data=1260  
FromELF: creating hex file...
".\cpp.axf" - 0 Errors, 0 Warning(s).
Rebuild target 'Target 1'
assembling Startup.s...
compiling led.cpp...
compiling main.cpp...
linking...
Program Size: Code=1160 RO-data=32 RW-data=4 ZI-data=1260  
FromELF: creating hex file...
".\cpp.axf" - 0 Errors, 0 Warning(s).
Build target 'Target 1'
compiling main.cpp...
linking...
Program Size: Code=1160 RO-data=32 RW-data=4 ZI-data=1260  
FromELF: creating hex file...
".\cpp.axf" - 0 Errors, 0 Warning(s).
Rebuild target 'Target 1'
assembling Startup.s...
compiling led.cpp...
compiling main.cpp...
linking...
Program Size: Code=1160 RO-data=32 RW-data=4 ZI-data=1260  
FromELF: creating hex file...
".\cpp.axf" - 0 Errors, 0 Warning(s).
Rebuild target 'Target 1'
assembling Startup.s...
compiling led.cpp...
compiling main.cpp...
linking...
Program Size: Code=1160 RO-data=32 RW-data=4 ZI-data=1260  
FromELF: creating hex file...
".\cpp.axf" - 0 Errors, 0 Warning(s).
Build target 'Target 1'
compiling main.cpp...
linking...
Program Size: Code=1160 RO-data=32 RW-data=4 ZI-data=1260  
FromELF: creating hex file...
".\cpp.axf" - 0 Errors, 0 Warning(s).
Build target 'Target 1'
compiling main.cpp...
linking...
Program Size: Code=1160 RO-data=32 RW-data=4 ZI-data=1260  
FromELF: creating hex file...
".\cpp.axf" - 0 Errors, 0 Warning(s).
Rebuild target 'Target 1'
assembling Startup.s...
compiling led.cpp...
compiling main.cpp...
linking...
Program Size: Code=1160 RO-data=32 RW-data=4 ZI-data=1260  
FromELF: creating hex file...
".\cpp.axf" - 0 Errors, 0 Warning(s).
Build target 'Target 1'
compiling main.cpp...
linking...
Program Size: Code=1160 RO-data=32 RW-data=4 ZI-data=1260  
FromELF: creating hex file...
".\cpp.axf" - 0 Errors, 0 Warning(s).
Rebuild target 'Target 1'
assembling Startup.s...
compiling led.cpp...
compiling main.cpp...
linking...
Program Size: Code=1160 RO-data=32 RW-data=4 ZI-data=1260  
FromELF: creating hex file...
".\cpp.axf" - 0 Errors, 0 Warning(s).
Build target 'Target 1'
compiling main.cpp...
linking...
Program Size: Code=1160 RO-data=32 RW-data=4 ZI-data=1260  
FromELF: creating hex file...
".\cpp.axf" - 0 Errors, 0 Warning(s).
Build target 'Target 1'
compiling main.cpp...
linking...
Program Size: Code=1160 RO-data=32 RW-data=4 ZI-data=1260  
FromELF: creating hex file...
".\cpp.axf" - 0 Errors, 0 Warning(s).
Build target 'Target 1'
compiling main.cpp...
linking...
Program Size: Code=1160 RO-data=32 RW-data=4 ZI-data=1260  
FromELF: creating hex file...
".\cpp.axf" - 0 Errors, 0 Warning(s).
Rebuild target 'Target 1'
assembling Startup.s...
compiling led.cpp...
led.h(4): error:  #77-D: this declaration has no storage class or type specifier
led.h(5): error:  #254: type name is not allowed
led.h(5): error:  #65: expected a ";"
led.h(8): error:  #77-D: this declaration has no storage class or type specifier
led.h(9): error:  #29: expected an expression
led.h(13): error:  #403: invalid redeclaration of member function "Led::On(unsigned char)" (declared at line 7)
led.h(15): warning:  #1-D: last line of file ends without a newline
compiling main.cpp...
led.h(4): error:  #77-D: this declaration has no storage class or type specifier
led.h(5): error:  #254: type name is not allowed
led.h(5): error:  #65: expected a ";"
led.h(8): error:  #77-D: this declaration has no storage class or type specifier
led.h(9): error:  #29: expected an expression
led.h(13): error:  #403: invalid redeclaration of member function "Led::On(unsigned char)" (declared at line 7)
led.h(15): warning:  #1-D: last line of file ends without a newline
main.cpp(14): error:  #20: identifier "LedInit" is undefined
".\cpp.axf" - 13 Errors, 2 Warning(s).
Target not created
Rebuild target 'Target 1'
assembling Startup.s...
compiling led.cpp...
led.h(6): error:  #65: expected a ";"
led.h(15): warning:  #1-D: last line of file ends without a newline
led.cpp(38): error:  #471: class "Led" has no tag member named "Step"
led.cpp(38): error:  #147: declaration is incompatible with "void Led::Step(Step)" (declared at line 7 of "led.h")
led.cpp(39): error:  #20: identifier "LEFT" is undefined
led.cpp(44): error:  #20: identifier "RIGHT" is undefined
led.cpp(53): error:  #20: identifier "LEFT" is undefined
led.cpp(57): error:  #20: identifier "RIGHT" is undefined
compiling main.cpp...
led.h(6): error:  #65: expected a ";"
led.h(15): warning:  #1-D: last line of file ends without a newline
main.cpp(14): error:  #20: identifier "LedInit" is undefined
".\cpp.axf" - 9 Errors, 2 Warning(s).
Target not created
Rebuild target 'Target 1'
assembling Startup.s...
compiling led.cpp...
compiling main.cpp...
main.cpp(14): error:  #20: identifier "LedInit" is undefined
".\cpp.axf" - 1 Errors, 0 Warning(s).
Target not created
Rebuild target 'Target 1'
assembling Startup.s...
compiling led.cpp...
compiling main.cpp...
linking...
Program Size: Code=1176 RO-data=32 RW-data=4 ZI-data=1260  
FromELF: creating hex file...
".\cpp.axf" - 0 Errors, 0 Warning(s).
Rebuild target 'Target 1'
assembling Startup.s...
compiling led.cpp...
compiling main.cpp...
linking...
Program Size: Code=1176 RO-data=32 RW-data=4 ZI-data=1260  
FromELF: creating hex file...
".\cpp.axf" - 0 Errors, 0 Warning(s).
Rebuild target 'Target 1'
assembling Startup.s...
compiling led.cpp...
compiling main.cpp...
linking...
Program Size: Code=1176 RO-data=32 RW-data=4 ZI-data=1260  
FromELF: creating hex file...
".\cpp.axf" - 0 Errors, 0 Warning(s).
Rebuild target 'Target 1'
assembling Startup.s...
compiling led.cpp...
compiling main.cpp...
linking...
Program Size: Code=1176 RO-data=32 RW-data=4 ZI-data=1260  
FromELF: creating hex file...
".\cpp.axf" - 0 Errors, 0 Warning(s).
