<html>
<body>
<pre>
<h1>µVision Build Log</h1>
<h2>Project:</h2>
C:\Users\Rejmi\Documents\STUDIA\S4\ppo\mtmppo\c++\Project\cpp.uvproj
Project File Date:  03/26/2020

<h2>Output:</h2>
Rebuild target 'Target 1'
assembling Startup.s...
compiling led.cpp...
compiling main.cpp...
compiling stepper.cpp...
compiling keyboard.cpp...
compiling ledinv.cpp...
linking...
Program Size: Code=1548 RO-data=16 RW-data=0 ZI-data=1256  
FromELF: creating hex file...
".\cpp.axf" - 0 Errors, 0 Warning(s).
Rebuild target 'Target 1'
assembling Startup.s...
compiling led.cpp...
compiling main.cpp...
compiling stepper.cpp...
compiling keyboard.cpp...
compiling ledinv.cpp...
linking...
Program Size: Code=1532 RO-data=16 RW-data=0 ZI-data=1256  
FromELF: creating hex file...
".\cpp.axf" - 0 Errors, 0 Warning(s).
Rebuild target 'Target 1'
assembling Startup.s...
compiling led.cpp...
compiling main.cpp...
compiling stepper.cpp...
compiling keyboard.cpp...
compiling ledinv.cpp...
linking...
Program Size: Code=1572 RO-data=16 RW-data=0 ZI-data=1256  
FromELF: creating hex file...
".\cpp.axf" - 0 Errors, 0 Warning(s).
Rebuild target 'Target 1'
assembling Startup.s...
compiling led.cpp...
compiling main.cpp...
compiling stepper.cpp...
compiling keyboard.cpp...
compiling ledinv.cpp...
linking...
Program Size: Code=1576 RO-data=16 RW-data=0 ZI-data=1256  
FromELF: creating hex file...
".\cpp.axf" - 0 Errors, 0 Warning(s).
Rebuild target 'Target 1'
assembling Startup.s...
compiling led.cpp...
compiling main.cpp...
compiling stepper.cpp...
compiling keyboard.cpp...
compiling ledinv.cpp...
linking...
Program Size: Code=1576 RO-data=16 RW-data=0 ZI-data=1256  
FromELF: creating hex file...
".\cpp.axf" - 0 Errors, 0 Warning(s).
Rebuild target 'Target 1'
assembling Startup.s...
compiling led.cpp...
compiling main.cpp...
compiling stepper.cpp...
compiling keyboard.cpp...
compiling ledinv.cpp...
linking...
Program Size: Code=1576 RO-data=16 RW-data=0 ZI-data=1256  
FromELF: creating hex file...
".\cpp.axf" - 0 Errors, 0 Warning(s).
