<html>
<body>
<pre>
<h1>µVision Build Log</h1>
<h2>Project:</h2>
C:\Users\Rejmi\Documents\STUDIA\S4\ppo\mtmppo\c++\Project\cpp.uvproj
Project File Date:  03/25/2020

<h2>Output:</h2>
Rebuild target 'Target 1'
assembling Startup.s...
compiling led.cpp...
compiling main.cpp...
compiling stepper.cpp...
compiling keyboard.cpp...
compiling LedInv.cpp...
linking...
Program Size: Code=1496 RO-data=36 RW-data=4 ZI-data=1260  
FromELF: creating hex file...
".\cpp.axf" - 0 Errors, 0 Warning(s).
Rebuild target 'Target 1'
assembling Startup.s...
compiling led.cpp...
compiling main.cpp...
ledinv.h(6): warning:  #1-D: last line of file ends without a newline
compiling stepper.cpp...
ledinv.h(6): warning:  #1-D: last line of file ends without a newline
compiling keyboard.cpp...
compiling ledinv.cpp...
ledinv.h(6): warning:  #1-D: last line of file ends without a newline
linking...
.\cpp.axf: Error: L6200E: Symbol Led::On(unsigned char) multiply defined (by ledinv.o and led.o).
".\cpp.axf" - 1 Errors, 3 Warning(s).
Target not created
Rebuild target 'Target 1'
assembling Startup.s...
compiling led.cpp...
compiling main.cpp...
ledinv.h(6): warning:  #1-D: last line of file ends without a newline
compiling stepper.cpp...
ledinv.h(6): warning:  #1-D: last line of file ends without a newline
compiling keyboard.cpp...
compiling ledinv.cpp...
ledinv.h(6): warning:  #1-D: last line of file ends without a newline
linking...
.\cpp.axf: Error: L6200E: Symbol Led::On(unsigned char) multiply defined (by ledinv.o and led.o).
".\cpp.axf" - 1 Errors, 3 Warning(s).
Target not created
Rebuild target 'Target 1'
assembling Startup.s...
compiling led.cpp...
compiling main.cpp...
compiling stepper.cpp...
compiling keyboard.cpp...
compiling ledinv.cpp...
linking...
.\cpp.axf: Error: L6200E: Symbol Led::On(unsigned char) multiply defined (by ledinv.o and led.o).
".\cpp.axf" - 1 Errors, 0 Warning(s).
Target not created
Rebuild target 'Target 1'
assembling Startup.s...
compiling led.cpp...
compiling main.cpp...
compiling stepper.cpp...
compiling keyboard.cpp...
compiling ledinv.cpp...
linking...
.\cpp.axf: Error: L6200E: Symbol Led::On(unsigned char) multiply defined (by ledinv.o and led.o).
".\cpp.axf" - 1 Errors, 0 Warning(s).
Target not created
Rebuild target 'Target 1'
assembling Startup.s...
compiling led.cpp...
compiling main.cpp...
compiling stepper.cpp...
compiling keyboard.cpp...
compiling ledinv.cpp...
linking...
.\cpp.axf: Error: L6200E: Symbol Led::On(unsigned char) multiply defined (by ledinv.o and led.o).
".\cpp.axf" - 1 Errors, 0 Warning(s).
Target not created
Rebuild target 'Target 1'
assembling Startup.s...
compiling led.cpp...
compiling main.cpp...
compiling stepper.cpp...
compiling keyboard.cpp...
compiling ledinv.cpp...
linking...
Program Size: Code=1628 RO-data=36 RW-data=4 ZI-data=1260  
FromELF: creating hex file...
".\cpp.axf" - 0 Errors, 0 Warning(s).
Rebuild target 'Target 1'
assembling Startup.s...
compiling led.cpp...
compiling main.cpp...
compiling stepper.cpp...
compiling keyboard.cpp...
compiling ledinv.cpp...
linking...
Program Size: Code=1628 RO-data=36 RW-data=4 ZI-data=1260  
FromELF: creating hex file...
".\cpp.axf" - 0 Errors, 0 Warning(s).
Rebuild target 'Target 1'
assembling Startup.s...
compiling led.cpp...
compiling main.cpp...
compiling stepper.cpp...
compiling keyboard.cpp...
compiling ledinv.cpp...
linking...
Program Size: Code=1652 RO-data=36 RW-data=4 ZI-data=1260  
FromELF: creating hex file...
".\cpp.axf" - 0 Errors, 0 Warning(s).
Rebuild target 'Target 1'
assembling Startup.s...
compiling led.cpp...
compiling main.cpp...
compiling stepper.cpp...
compiling keyboard.cpp...
compiling ledinv.cpp...
linking...
Program Size: Code=1652 RO-data=36 RW-data=4 ZI-data=1260  
FromELF: creating hex file...
".\cpp.axf" - 0 Errors, 0 Warning(s).
Rebuild target 'Target 1'
assembling Startup.s...
compiling led.cpp...
compiling main.cpp...
compiling stepper.cpp...
compiling keyboard.cpp...
compiling ledinv.cpp...
linking...
Program Size: Code=1652 RO-data=36 RW-data=4 ZI-data=1260  
FromELF: creating hex file...
".\cpp.axf" - 0 Errors, 0 Warning(s).
Rebuild target 'Target 1'
assembling Startup.s...
compiling led.cpp...
compiling main.cpp...
compiling stepper.cpp...
compiling keyboard.cpp...
compiling ledinv.cpp...
linking...
Program Size: Code=1652 RO-data=36 RW-data=4 ZI-data=1260  
FromELF: creating hex file...
".\cpp.axf" - 0 Errors, 0 Warning(s).
Rebuild target 'Target 1'
assembling Startup.s...
compiling led.cpp...
compiling main.cpp...
compiling stepper.cpp...
compiling keyboard.cpp...
compiling ledinv.cpp...
linking...
Program Size: Code=1684 RO-data=36 RW-data=4 ZI-data=1260  
FromELF: creating hex file...
".\cpp.axf" - 0 Errors, 0 Warning(s).
Rebuild target 'Target 1'
assembling Startup.s...
compiling led.cpp...
compiling main.cpp...
compiling stepper.cpp...
compiling keyboard.cpp...
compiling ledinv.cpp...
linking...
Program Size: Code=1652 RO-data=36 RW-data=4 ZI-data=1260  
FromELF: creating hex file...
".\cpp.axf" - 0 Errors, 0 Warning(s).
