<html>
<body>
<pre>
<h1>µVision Build Log</h1>
<h2>Project:</h2>
C:\Users\Rejmi\Documents\STUDIA\S4\ppo\mtmppo\c++\Project\cpp.uvproj
Project File Date:  03/22/2020

<h2>Output:</h2>
Rebuild target 'Target 1'
assembling Startup.s...
compiling led.cpp...
led.cpp(35): warning:  #1-D: last line of file ends without a newline
compiling main.cpp...
main.cpp(17): error:  #135: class "Led" has no member "Init"
compiling stepper.cpp...
".\cpp.axf" - 1 Errors, 1 Warning(s).
Target not created
Rebuild target 'Target 1'
assembling Startup.s...
compiling led.cpp...
led.cpp(35): warning:  #1-D: last line of file ends without a newline
compiling main.cpp...
compiling stepper.cpp...
linking...
Program Size: Code=1280 RO-data=36 RW-data=4 ZI-data=1260  
FromELF: creating hex file...
".\cpp.axf" - 0 Errors, 1 Warning(s).
Rebuild target 'Target 1'
assembling Startup.s...
compiling led.cpp...
led.cpp(35): warning:  #1-D: last line of file ends without a newline
compiling main.cpp...
compiling stepper.cpp...
linking...
Program Size: Code=1176 RO-data=16 RW-data=0 ZI-data=1256  
FromELF: creating hex file...
".\cpp.axf" - 0 Errors, 1 Warning(s).
Rebuild target 'Target 1'
assembling Startup.s...
compiling led.cpp...
led.cpp(35): warning:  #1-D: last line of file ends without a newline
compiling main.cpp...
compiling stepper.cpp...
linking...
Program Size: Code=1176 RO-data=16 RW-data=0 ZI-data=1256  
FromELF: creating hex file...
".\cpp.axf" - 0 Errors, 1 Warning(s).
Build target 'Target 1'
compiling main.cpp...
linking...
Program Size: Code=1280 RO-data=36 RW-data=4 ZI-data=1260  
FromELF: creating hex file...
".\cpp.axf" - 0 Errors, 0 Warning(s).
Rebuild target 'Target 1'
assembling Startup.s...
compiling led.cpp...
led.cpp(35): warning:  #1-D: last line of file ends without a newline
compiling main.cpp...
compiling stepper.cpp...
linking...
Program Size: Code=1280 RO-data=36 RW-data=4 ZI-data=1260  
FromELF: creating hex file...
".\cpp.axf" - 0 Errors, 1 Warning(s).
