<html>
<body>
<pre>
<h1>µVision Build Log</h1>
<h2>Project:</h2>
C:\Users\Rejmi\Documents\STUDIA\S4\ppo\mtmppo\c++\Project\cpp.uvproj
Project File Date:  03/25/2020

<h2>Output:</h2>
Rebuild target 'Target 1'
assembling Startup.s...
compiling led.cpp...
compiling main.cpp...
compiling stepper.cpp...
compiling keyboard.cpp...
linking...
Program Size: Code=1468 RO-data=36 RW-data=4 ZI-data=1260  
FromELF: creating hex file...
".\cpp.axf" - 0 Errors, 0 Warning(s).
Rebuild target 'Target 1'
assembling Startup.s...
compiling led.cpp...
compiling main.cpp...
compiling stepper.cpp...
stepper.cpp(9): error:  #165: too few arguments in function call
stepper.cpp(14): error:  #165: too few arguments in function call
compiling keyboard.cpp...
".\cpp.axf" - 2 Errors, 0 Warning(s).
Target not created
Rebuild target 'Target 1'
assembling Startup.s...
compiling led.cpp...
compiling main.cpp...
compiling stepper.cpp...
compiling keyboard.cpp...
linking...
Program Size: Code=1500 RO-data=36 RW-data=4 ZI-data=1260  
FromELF: creating hex file...
".\cpp.axf" - 0 Errors, 0 Warning(s).
Rebuild target 'Target 1'
assembling Startup.s...
compiling led.cpp...
compiling main.cpp...
compiling stepper.cpp...
compiling keyboard.cpp...
linking...
Program Size: Code=1500 RO-data=36 RW-data=4 ZI-data=1260  
FromELF: creating hex file...
".\cpp.axf" - 0 Errors, 0 Warning(s).
Rebuild target 'Target 1'
assembling Startup.s...
compiling led.cpp...
compiling main.cpp...
compiling stepper.cpp...
compiling keyboard.cpp...
linking...
Program Size: Code=1500 RO-data=36 RW-data=4 ZI-data=1260  
FromELF: creating hex file...
".\cpp.axf" - 0 Errors, 0 Warning(s).
Rebuild target 'Target 1'
assembling Startup.s...
compiling led.cpp...
compiling main.cpp...
compiling stepper.cpp...
compiling keyboard.cpp...
linking...
.\cpp.axf: Error: L6200E: Symbol __ARM_use_no_argv multiply defined (by stepper.o and main.o).
.\cpp.axf: Error: L6200E: Symbol ucInversion multiply defined (by stepper.o and main.o).
.\cpp.axf: Error: L6200E: Symbol Delay(int) multiply defined (by stepper.o and main.o).
.\cpp.axf: Error: L6200E: Symbol main multiply defined (by stepper.o and main.o).
".\cpp.axf" - 4 Errors, 0 Warning(s).
Target not created
Rebuild target 'Target 1'
assembling Startup.s...
compiling led.cpp...
compiling main.cpp...
compiling stepper.cpp...
compiling keyboard.cpp...
linking...
Program Size: Code=1500 RO-data=36 RW-data=4 ZI-data=1260  
FromELF: creating hex file...
".\cpp.axf" - 0 Errors, 0 Warning(s).
Rebuild target 'Target 1'
assembling Startup.s...
compiling led.cpp...
compiling main.cpp...
compiling stepper.cpp...
stepper.cpp(8): error:  #165: too few arguments in function call
stepper.cpp(13): error:  #165: too few arguments in function call
compiling keyboard.cpp...
".\cpp.axf" - 2 Errors, 0 Warning(s).
Target not created
Rebuild target 'Target 1'
assembling Startup.s...
compiling led.cpp...
led.cpp(15): error:  #147: declaration is incompatible with "void Led::On(unsigned char, unsigned char)" (declared at line 7 of "led.h")
led.cpp(30): error:  #20: identifier "ucInversion" is undefined
compiling main.cpp...
compiling stepper.cpp...
stepper.cpp(8): error:  #165: too few arguments in function call
stepper.cpp(13): error:  #165: too few arguments in function call
compiling keyboard.cpp...
".\cpp.axf" - 4 Errors, 0 Warning(s).
Target not created
Rebuild target 'Target 1'
assembling Startup.s...
compiling led.cpp...
led.cpp(42): warning:  #1-D: last line of file ends without a newline
compiling main.cpp...
compiling stepper.cpp...
compiling keyboard.cpp...
linking...
Program Size: Code=1496 RO-data=36 RW-data=4 ZI-data=1260  
FromELF: creating hex file...
".\cpp.axf" - 0 Errors, 1 Warning(s).
Rebuild target 'Target 1'
assembling Startup.s...
compiling led.cpp...
led.cpp(42): warning:  #1-D: last line of file ends without a newline
compiling main.cpp...
compiling stepper.cpp...
compiling keyboard.cpp...
linking...
Program Size: Code=1496 RO-data=36 RW-data=4 ZI-data=1260  
FromELF: creating hex file...
".\cpp.axf" - 0 Errors, 1 Warning(s).
Rebuild target 'Target 1'
assembling Startup.s...
compiling led.cpp...
led.cpp(42): warning:  #1-D: last line of file ends without a newline
compiling main.cpp...
compiling stepper.cpp...
compiling keyboard.cpp...
linking...
Program Size: Code=1496 RO-data=36 RW-data=4 ZI-data=1260  
FromELF: creating hex file...
".\cpp.axf" - 0 Errors, 1 Warning(s).
Rebuild target 'Target 1'
assembling Startup.s...
compiling led.cpp...
compiling main.cpp...
compiling stepper.cpp...
compiling keyboard.cpp...
linking...
Program Size: Code=1496 RO-data=36 RW-data=4 ZI-data=1260  
FromELF: creating hex file...
".\cpp.axf" - 0 Errors, 0 Warning(s).
