<html>
<body>
<pre>
<h1>µVision Build Log</h1>
<h2>Project:</h2>
C:\Users\Rejmi\Documents\STUDIA\S4\ppo\mtmppo\c++\Project\cpp.uvproj
Project File Date:  03/26/2020

<h2>Output:</h2>
Rebuild target 'Target 1'
assembling Startup.s...
compiling led.cpp...
compiling main.cpp...
compiling stepper.cpp...
compiling keyboard.cpp...
compiling ledinv.cpp...
linking...
Program Size: Code=1572 RO-data=40 RW-data=0 ZI-data=1256  
FromELF: creating hex file...
".\cpp.axf" - 0 Errors, 0 Warning(s).
Rebuild target 'Target 1'
assembling Startup.s...
compiling led.cpp...
compiling main.cpp...
compiling stepper.cpp...
compiling keyboard.cpp...
compiling ledinv.cpp...
linking...
Program Size: Code=1572 RO-data=40 RW-data=0 ZI-data=1256  
FromELF: creating hex file...
".\cpp.axf" - 0 Errors, 0 Warning(s).
Rebuild target 'Target 1'
assembling Startup.s...
compiling led.cpp...
compiling main.cpp...
ledinv.h(4): error:  #40: expected an identifier
main.cpp(21): error:  #513: a value of type "LedInv *" cannot be assigned to an entity of type "Led *"
compiling stepper.cpp...
ledinv.h(4): error:  #40: expected an identifier
compiling keyboard.cpp...
compiling ledinv.cpp...
ledinv.h(4): error:  #40: expected an identifier
".\cpp.axf" - 4 Errors, 0 Warning(s).
Target not created
Rebuild target 'Target 1'
assembling Startup.s...
compiling led.cpp...
compiling main.cpp...
ledinv.h(4): error:  #40: expected an identifier
main.cpp(21): error:  #513: a value of type "LedInv *" cannot be assigned to an entity of type "Led *"
compiling stepper.cpp...
ledinv.h(4): error:  #40: expected an identifier
compiling keyboard.cpp...
compiling ledinv.cpp...
ledinv.h(4): error:  #40: expected an identifier
".\cpp.axf" - 4 Errors, 0 Warning(s).
Target not created
Rebuild target 'Target 1'
assembling Startup.s...
compiling led.cpp...
compiling main.cpp...
compiling stepper.cpp...
compiling keyboard.cpp...
compiling ledinv.cpp...
linking...
Program Size: Code=1572 RO-data=40 RW-data=0 ZI-data=1256  
FromELF: creating hex file...
".\cpp.axf" - 0 Errors, 0 Warning(s).
Rebuild target 'Target 1'
assembling Startup.s...
compiling led.cpp...
compiling main.cpp...
compiling stepper.cpp...
compiling keyboard.cpp...
compiling ledinv.cpp...
linking...
Program Size: Code=1572 RO-data=40 RW-data=0 ZI-data=1256  
FromELF: creating hex file...
".\cpp.axf" - 0 Errors, 0 Warning(s).
Build target 'Target 1'
compiling main.cpp...
ledinv.h(4): error:  #40: expected an identifier
main.cpp(21): error:  #513: a value of type "LedInv *" cannot be assigned to an entity of type "Led *"
compiling stepper.cpp...
ledinv.h(4): error:  #40: expected an identifier
compiling ledinv.cpp...
ledinv.h(4): error:  #40: expected an identifier
".\cpp.axf" - 4 Errors, 0 Warning(s).
Target not created
Rebuild target 'Target 1'
assembling Startup.s...
compiling led.cpp...
compiling main.cpp...
compiling stepper.cpp...
compiling keyboard.cpp...
compiling ledinv.cpp...
linking...
Program Size: Code=1572 RO-data=40 RW-data=0 ZI-data=1256  
FromELF: creating hex file...
".\cpp.axf" - 0 Errors, 0 Warning(s).
Rebuild target 'Target 1'
assembling Startup.s...
compiling led.cpp...
compiling main.cpp...
compiling stepper.cpp...
compiling keyboard.cpp...
compiling ledinv.cpp...
linking...
Program Size: Code=1572 RO-data=40 RW-data=0 ZI-data=1256  
FromELF: creating hex file...
".\cpp.axf" - 0 Errors, 0 Warning(s).
Rebuild target 'Target 1'
assembling Startup.s...
compiling led.cpp...
compiling main.cpp...
compiling stepper.cpp...
compiling keyboard.cpp...
compiling ledinv.cpp...
ledinv.cpp(8): error:  #20: identifier "LED0_bm" is undefined
ledinv.cpp(8): error:  #20: identifier "LED1_bm" is undefined
ledinv.cpp(8): error:  #20: identifier "LED2_bm" is undefined
ledinv.cpp(8): error:  #20: identifier "LED3_bm" is undefined
".\cpp.axf" - 4 Errors, 0 Warning(s).
Target not created
Rebuild target 'Target 1'
assembling Startup.s...
compiling led.cpp...
compiling main.cpp...
compiling stepper.cpp...
compiling keyboard.cpp...
compiling ledinv.cpp...
linking...
Program Size: Code=1572 RO-data=40 RW-data=0 ZI-data=1256  
FromELF: creating hex file...
".\cpp.axf" - 0 Errors, 0 Warning(s).
Rebuild target 'Target 1'
assembling Startup.s...
compiling led.cpp...
compiling main.cpp...
main.cpp(15): error:  #20: identifier "LedInv" is undefined
compiling stepper.cpp...
stepper.h(8): error:  #20: identifier "Led" is undefined
stepper.h(13): error:  #20: identifier "Led" is undefined
stepper.cpp(5): error:  #147: declaration is incompatible with "void Stepper::SetLed(<error-type> *)" (declared at line 8 of "stepper.h")
stepper.cpp(18): error:  #131: expression must have pointer-to-class type
compiling keyboard.cpp...
compiling ledinv.cpp...
".\cpp.axf" - 5 Errors, 0 Warning(s).
Target not created
Rebuild target 'Target 1'
assembling Startup.s...
compiling led.cpp...
compiling main.cpp...
main.cpp(15): error:  #20: identifier "LedInv" is undefined
compiling stepper.cpp...
stepper.h(8): error:  #20: identifier "Led" is undefined
stepper.h(13): error:  #20: identifier "Led" is undefined
stepper.cpp(5): error:  #147: declaration is incompatible with "void Stepper::SetLed(<error-type> *)" (declared at line 8 of "stepper.h")
stepper.cpp(18): error:  #131: expression must have pointer-to-class type
compiling keyboard.cpp...
compiling ledinv.cpp...
".\cpp.axf" - 5 Errors, 0 Warning(s).
Target not created
Rebuild target 'Target 1'
assembling Startup.s...
compiling led.cpp...
compiling main.cpp...
main.cpp(15): error:  #20: identifier "LedInv" is undefined
compiling stepper.cpp...
compiling keyboard.cpp...
compiling ledinv.cpp...
".\cpp.axf" - 1 Errors, 0 Warning(s).
Target not created
Rebuild target 'Target 1'
assembling Startup.s...
compiling led.cpp...
compiling main.cpp...
main.cpp(15): error:  #20: identifier "LedInv" is undefined
compiling stepper.cpp...
compiling keyboard.cpp...
compiling ledinv.cpp...
".\cpp.axf" - 1 Errors, 0 Warning(s).
Target not created
Rebuild target 'Target 1'
assembling Startup.s...
compiling led.cpp...
compiling main.cpp...
main.cpp(15): error:  #20: identifier "LedInv" is undefined
compiling stepper.cpp...
compiling keyboard.cpp...
compiling ledinv.cpp...
".\cpp.axf" - 1 Errors, 0 Warning(s).
Target not created
Rebuild target 'Target 1'
assembling Startup.s...
compiling led.cpp...
compiling main.cpp...
main.cpp(15): error:  #20: identifier "LedInv" is undefined
compiling stepper.cpp...
compiling keyboard.cpp...
compiling ledinv.cpp...
".\cpp.axf" - 1 Errors, 0 Warning(s).
Target not created
Rebuild target 'Target 1'
assembling Startup.s...
compiling led.cpp...
compiling main.cpp...
compiling stepper.cpp...
compiling keyboard.cpp...
compiling ledinv.cpp...
linking...
Program Size: Code=1572 RO-data=40 RW-data=0 ZI-data=1256  
FromELF: creating hex file...
".\cpp.axf" - 0 Errors, 0 Warning(s).
Rebuild target 'Target 1'
assembling Startup.s...
compiling led.cpp...
compiling main.cpp...
main.cpp(15): error:  #20: identifier "LedInv" is undefined
compiling stepper.cpp...
compiling keyboard.cpp...
compiling ledinv.cpp...
".\cpp.axf" - 1 Errors, 0 Warning(s).
Target not created
Rebuild target 'Target 1'
assembling Startup.s...
compiling led.cpp...
compiling main.cpp...
main.cpp(15): error:  #20: identifier "LedInv" is undefined
compiling stepper.cpp...
compiling keyboard.cpp...
compiling ledinv.cpp...
".\cpp.axf" - 1 Errors, 0 Warning(s).
Target not created
Rebuild target 'Target 1'
assembling Startup.s...
compiling led.cpp...
compiling main.cpp...
main.cpp(15): error:  #20: identifier "LedInv" is undefined
compiling stepper.cpp...
compiling keyboard.cpp...
compiling ledinv.cpp...
".\cpp.axf" - 1 Errors, 0 Warning(s).
Target not created
Rebuild target 'Target 1'
assembling Startup.s...
compiling led.cpp...
compiling main.cpp...
compiling stepper.cpp...
compiling keyboard.cpp...
compiling ledinv.cpp...
linking...
Program Size: Code=1572 RO-data=40 RW-data=0 ZI-data=1256  
FromELF: creating hex file...
".\cpp.axf" - 0 Errors, 0 Warning(s).
Rebuild target 'Target 1'
assembling Startup.s...
compiling led.cpp...
compiling main.cpp...
compiling stepper.cpp...
compiling keyboard.cpp...
compiling ledinv.cpp...
linking...
Program Size: Code=1572 RO-data=40 RW-data=0 ZI-data=1256  
FromELF: creating hex file...
".\cpp.axf" - 0 Errors, 0 Warning(s).
Rebuild target 'Target 1'
assembling Startup.s...
compiling led.cpp...
compiling main.cpp...
compiling stepper.cpp...
compiling keyboard.cpp...
compiling ledinv.cpp...
linking...
Program Size: Code=1572 RO-data=40 RW-data=0 ZI-data=1256  
FromELF: creating hex file...
".\cpp.axf" - 0 Errors, 0 Warning(s).
Rebuild target 'Target 1'
assembling Startup.s...
compiling led.cpp...
compiling main.cpp...
compiling stepper.cpp...
compiling keyboard.cpp...
compiling ledinv.cpp...
linking...
Program Size: Code=1572 RO-data=40 RW-data=0 ZI-data=1256  
FromELF: creating hex file...
".\cpp.axf" - 0 Errors, 0 Warning(s).
Rebuild target 'Target 1'
assembling Startup.s...
compiling led.cpp...
compiling main.cpp...
compiling stepper.cpp...
compiling keyboard.cpp...
compiling ledinv.cpp...
linking...
Program Size: Code=1572 RO-data=40 RW-data=0 ZI-data=1256  
FromELF: creating hex file...
".\cpp.axf" - 0 Errors, 0 Warning(s).
Rebuild target 'Target 1'
assembling Startup.s...
compiling led.cpp...
compiling main.cpp...
compiling stepper.cpp...
compiling keyboard.cpp...
compiling ledinv.cpp...
linking...
Program Size: Code=1572 RO-data=40 RW-data=0 ZI-data=1256  
FromELF: creating hex file...
".\cpp.axf" - 0 Errors, 0 Warning(s).
